// Vitest Snapshot v1, https://vitest.dev/guide/snapshot.html

exports[`detect > finds sessions and workflow runs with titles 1`] = `
[
  {
    "kind": "session",
    "project": "/home/dev/acme",
    "runId": "claude-code:-home-dev-acme:11111111-1111-4111-8111-111111111111",
    "sizeBytes": 42402,
    "startedAt": "2026-08-01T12:00:01.500Z",
    "title": "Fix flaky login test",
  },
  {
    "kind": "workflow",
    "project": "/home/dev/acme",
    "runId": "claude-code:-home-dev-acme:11111111-1111-4111-8111-111111111111:wf_12345678-abc",
    "sizeBytes": 8278,
    "startedAt": undefined,
    "title": "auth-hardening",
  },
  {
    "kind": "session",
    "project": "/home/dev/acme",
    "runId": "claude-code:-home-dev-acme:22222222-2222-4222-8222-222222222222",
    "sizeBytes": 297,
    "startedAt": "2026-08-02T09:00:00.000Z",
    "title": "(untitled session)",
  },
  {
    "kind": "session",
    "project": "/home/dev/acme",
    "runId": "claude-code:-home-dev-acme:33333333-3333-4333-8333-333333333333",
    "sizeBytes": 8961,
    "startedAt": "2026-08-01T12:01:16.500Z",
    "title": "Add CHANGELOG entry",
  },
  {
    "kind": "session",
    "project": "/home/dev/acme",
    "runId": "claude-code:-home-dev-acme:44444444-4444-4444-8444-444444444444",
    "sizeBytes": 13405,
    "startedAt": "2026-08-01T12:01:34.500Z",
    "title": "Migrate token store",
  },
  {
    "kind": "session",
    "project": "/home/dev/acme",
    "runId": "claude-code:-home-dev-acme:55555555-5555-4555-8555-555555555555",
    "sizeBytes": 9245,
    "startedAt": "2026-08-01T12:02:03.000Z",
    "title": "Rotate leaked credentials",
  },
  {
    "kind": "session",
    "project": "/home/dev/acme",
    "runId": "claude-code:-home-dev-acme:66666666-6666-4666-8666-666666666666",
    "sizeBytes": 13900,
    "startedAt": "2026-08-01T12:02:19.500Z",
    "title": "Bump version to 0.3.1",
  },
  {
    "kind": "session",
    "project": "/home/dev/acme",
    "runId": "claude-code:-home-dev-acme:77777777-7777-4777-8777-777777777777",
    "sizeBytes": 6882,
    "startedAt": "2026-08-01T12:02:49.500Z",
    "title": "Migrate storage layer",
  },
]
`;

exports[`parse: session > produces the expected IR 1`] = `
{
  "edges": [
    {
      "from": "t:00000000-0000-4000-8000-000000000004",
      "id": "e:sequence:t:00000000-0000-4000-8000-000000000004→g:toolu_fx0001",
      "kind": "sequence",
      "to": "g:toolu_fx0001",
    },
    {
      "from": "g:toolu_fx0001",
      "id": "e:sequence:g:toolu_fx0001→g:toolu_fx0003",
      "kind": "sequence",
      "reason": "after Bash error",
      "to": "g:toolu_fx0003",
    },
    {
      "from": "g:toolu_fx0003",
      "id": "e:sequence:g:toolu_fx0003→g:toolu_fx0011",
      "kind": "sequence",
      "to": "g:toolu_fx0011",
    },
    {
      "from": "g:toolu_fx0011",
      "id": "e:sequence:g:toolu_fx0011→g:toolu_fx0012",
      "kind": "sequence",
      "to": "g:toolu_fx0012",
    },
    {
      "from": "g:toolu_fx0012",
      "id": "e:sequence:g:toolu_fx0012→g:toolu_fx0013",
      "kind": "sequence",
      "to": "g:toolu_fx0013",
    },
    {
      "from": "g:toolu_fx0013",
      "id": "e:sequence:g:toolu_fx0013→g:toolu_fx0014",
      "kind": "sequence",
      "to": "g:toolu_fx0014",
    },
    {
      "from": "g:toolu_fx0014",
      "id": "e:sequence:g:toolu_fx0014→t:00000000-0000-4000-8000-000000000033",
      "kind": "sequence",
      "to": "t:00000000-0000-4000-8000-000000000033",
    },
    {
      "from": "t:00000000-0000-4000-8000-000000000033",
      "id": "e:sequence:t:00000000-0000-4000-8000-000000000033→h:00000000-0000-4000-8000-000000000039",
      "kind": "sequence",
      "to": "h:00000000-0000-4000-8000-000000000039",
    },
    {
      "from": "h:00000000-0000-4000-8000-000000000039",
      "id": "e:sequence:h:00000000-0000-4000-8000-000000000039→g:toolu_fxD001",
      "kind": "sequence",
      "reason": "answer: Explicit waits (Recommended)",
      "to": "g:toolu_fxD001",
    },
    {
      "from": "g:toolu_fxD001",
      "id": "e:sequence:g:toolu_fxD001→h:00000000-0000-4000-8000-000000000042",
      "kind": "sequence",
      "to": "h:00000000-0000-4000-8000-000000000042",
    },
    {
      "from": "h:00000000-0000-4000-8000-000000000042",
      "id": "e:sequence:h:00000000-0000-4000-8000-000000000042→t:00000000-0000-4000-8000-000000000045",
      "kind": "sequence",
      "reason": "after permission denial",
      "to": "t:00000000-0000-4000-8000-000000000045",
    },
    {
      "from": "t:00000000-0000-4000-8000-000000000045",
      "id": "e:sequence:t:00000000-0000-4000-8000-000000000045→g:toolu_fx0015",
      "kind": "sequence",
      "to": "g:toolu_fx0015",
    },
    {
      "from": "t:00000000-0000-4000-8000-000000000033",
      "id": "e:spawn:t:00000000-0000-4000-8000-000000000033→a:toolu_fxA001",
      "kind": "spawn",
      "label": "Audit src/auth for race conditions like the login.spec one. Report each with file:line.",
      "to": "a:toolu_fxA001",
    },
    {
      "from": "a:toolu_fxA001",
      "id": "e:return:a:toolu_fxA001→t:00000000-0000-4000-8000-000000000045",
      "kind": "return",
      "label": "Found 2 races: src/auth/session.ts:41 (refresh vs logout), src/auth/redirect.ts:12 (doubl…",
      "to": "t:00000000-0000-4000-8000-000000000045",
    },
    {
      "from": "t:00000000-0000-4000-8000-000000000045",
      "id": "e:spawn:t:00000000-0000-4000-8000-000000000045→w:toolu_fxW001",
      "kind": "spawn",
      "label": "Find and fix auth races",
      "to": "w:toolu_fxW001",
    },
    {
      "from": "w:toolu_fxW001",
      "id": "e:return:w:toolu_fxW001→t:00000000-0000-4000-8000-000000000045",
      "kind": "return",
      "to": "t:00000000-0000-4000-8000-000000000045",
    },
  ],
  "groups": [],
  "irVersion": 1,
  "meta": {
    "adapter": "claude-code",
    "coverage": {
      "records": 51,
      "sourcesUnread": 0,
      "unrecognized": 2,
    },
    "endedAt": "2026-08-01T12:00:57.000Z",
    "ext": {
      "claudeCode": {
        "unknownTypes": {
          "atis-latch": 1,
          "holo-recap": 1,
        },
      },
    },
    "kind": "session",
    "runId": "claude-code:-home-dev-acme:11111111-1111-4111-8111-111111111111",
    "startedAt": "2026-08-01T12:00:01.500Z",
    "title": "Fix flaky login test",
    "totals": {
      "agents": 1,
      "tokens": 1564,
      "toolCalls": 12,
    },
    "unrecognizedLineCount": 2,
  },
  "nodes": [
    {
      "durationMs": 45000,
      "endedAt": "2026-08-01T12:00:28.500Z",
      "hasDetail": true,
      "id": "t:00000000-0000-4000-8000-000000000004",
      "kind": "turn",
      "label": "Fix the flaky login test and make CI green",
      "startedAt": "2026-08-01T12:00:03.000Z",
      "status": "completed",
      "tokens": {
        "input": 108,
        "output": 480,
      },
    },
    {
      "callCount": 2,
      "errorCount": 1,
      "hasDetail": true,
      "id": "g:toolu_fx0001",
      "kind": "tool",
      "label": "Bash · Run the login test ×2",
      "startedAt": "2026-08-01T12:00:06.000Z",
      "status": "completed",
    },
    {
      "callCount": 1,
      "errorCount": 0,
      "files": [
        "/home/dev/acme/tests/login.spec.ts",
      ],
      "hasDetail": true,
      "id": "g:toolu_fx0003",
      "kind": "tool",
      "label": "Edit · login.spec.ts",
      "startedAt": "2026-08-01T12:00:12.000Z",
      "status": "completed",
    },
    {
      "callCount": 1,
      "errorCount": 0,
      "hasDetail": true,
      "id": "g:toolu_fx0011",
      "kind": "tool",
      "label": "Grep · waitForURL",
      "startedAt": "2026-08-01T12:00:16.500Z",
      "status": "completed",
    },
    {
      "callCount": 1,
      "errorCount": 0,
      "files": [
        "/home/dev/acme/tests/login.spec.ts",
      ],
      "hasDetail": true,
      "id": "g:toolu_fx0012",
      "kind": "tool",
      "label": "Read · login.spec.ts",
      "startedAt": "2026-08-01T12:00:19.500Z",
      "status": "completed",
    },
    {
      "callCount": 1,
      "errorCount": 0,
      "hasDetail": true,
      "id": "g:toolu_fx0013",
      "kind": "tool",
      "label": "Bash · npm run lint",
      "startedAt": "2026-08-01T12:00:22.500Z",
      "status": "completed",
    },
    {
      "callCount": 1,
      "errorCount": 0,
      "hasDetail": true,
      "id": "g:toolu_fx0014",
      "kind": "tool",
      "label": "Hypervisor",
      "startedAt": "2026-08-01T12:00:25.500Z",
      "status": "completed",
    },
    {
      "durationMs": 7500,
      "endedAt": "2026-08-01T12:00:39.000Z",
      "hasDetail": true,
      "id": "t:00000000-0000-4000-8000-000000000033",
      "kind": "turn",
      "label": "Now audit the auth module for similar races, then ship a hardening workflow",
      "startedAt": "2026-08-01T12:00:31.500Z",
      "status": "completed",
      "tokens": {
        "input": 36,
        "output": 150,
      },
    },
    {
      "hasDetail": true,
      "id": "h:00000000-0000-4000-8000-000000000039",
      "interventionKind": "answer",
      "kind": "human",
      "label": "answered: Explicit waits (Recommended)",
      "startedAt": "2026-08-01T12:00:37.500Z",
      "status": "completed",
    },
    {
      "callCount": 1,
      "errorCount": 1,
      "files": [
        "/home/dev/acme/src/auth/session.ts",
      ],
      "hasDetail": true,
      "id": "g:toolu_fxD001",
      "kind": "tool",
      "label": "Edit · session.ts",
      "startedAt": "2026-08-01T12:00:39.000Z",
      "status": "error",
    },
    {
      "hasDetail": true,
      "id": "h:00000000-0000-4000-8000-000000000042",
      "interventionKind": "denial",
      "kind": "human",
      "label": "denied Edit",
      "startedAt": "2026-08-01T12:00:40.500Z",
      "status": "completed",
    },
    {
      "durationMs": 30000,
      "endedAt": "2026-08-01T12:00:51.000Z",
      "hasDetail": true,
      "id": "t:00000000-0000-4000-8000-000000000045",
      "kind": "turn",
      "label": "Don't touch the TTL. Just run the hardening workflow.",
      "startedAt": "2026-08-01T12:00:43.500Z",
      "status": "completed",
      "tokens": {
        "input": 24,
        "output": 110,
      },
    },
    {
      "callCount": 1,
      "errorCount": 0,
      "hasDetail": true,
      "id": "g:toolu_fx0015",
      "kind": "tool",
      "label": "Bash · Confirm hardening commit",
      "startedAt": "2026-08-01T12:00:55.500Z",
      "status": "completed",
    },
    {
      "agentId": "a123456789abcdef0",
      "durationMs": 4500,
      "files": [
        "/home/dev/acme/src/auth/session.ts",
      ],
      "hasDetail": true,
      "id": "a:toolu_fxA001",
      "kind": "agent",
      "label": "Audit auth module for race conditions",
      "model": "claude-fable-5",
      "startedAt": "2026-08-01T12:00:58.500Z",
      "status": "completed",
      "tokens": {
        "input": 24,
        "output": 160,
      },
    },
    {
      "durationMs": 360000,
      "hasDetail": true,
      "id": "w:toolu_fxW001",
      "kind": "workflow",
      "label": "auth-hardening",
      "runRef": "claude-code:-home-dev-acme:11111111-1111-4111-8111-111111111111:wf_12345678-abc",
      "startedAt": "2026-08-01T12:00:45.000Z",
      "status": "completed",
      "tokens": {
        "input": 0,
        "output": 410,
      },
    },
  ],
}
`;

exports[`parse: workflow run > produces the expected IR 1`] = `
{
  "edges": [
    {
      "from": "a:aaaa000000000002f",
      "id": "e:sequence:a:aaaa000000000002f→a:aaaa000000000003f",
      "kind": "sequence",
      "reason": "retry after failure",
      "to": "a:aaaa000000000003f",
    },
    {
      "from": "w:root",
      "id": "e:spawn:w:root→a:aaaa000000000001f",
      "kind": "spawn",
      "label": "find:auth-races",
      "to": "a:aaaa000000000001f",
    },
    {
      "from": "a:aaaa000000000001f",
      "id": "e:sequence:a:aaaa000000000001f→a:aaaa000000000003f",
      "kind": "sequence",
      "reason": "phase: Fix",
      "to": "a:aaaa000000000003f",
    },
  ],
  "groups": [
    {
      "id": "p:1",
      "label": "Find",
    },
    {
      "id": "p:2",
      "label": "Fix",
    },
  ],
  "irVersion": 1,
  "meta": {
    "adapter": "claude-code",
    "coverage": {
      "records": 13,
      "sourcesUnread": 0,
      "unrecognized": 0,
    },
    "endedAt": "2026-08-01T12:11:00.000Z",
    "kind": "workflow",
    "runId": "claude-code:-home-dev-acme:11111111-1111-4111-8111-111111111111:wf_12345678-abc",
    "startedAt": "2026-08-01T12:05:00.000Z",
    "title": "auth-hardening",
    "totals": {
      "agents": 3,
      "tokens": 410,
      "toolCalls": 3,
    },
    "unrecognizedLineCount": 0,
  },
  "nodes": [
    {
      "durationMs": 360000,
      "endedAt": "2026-08-01T12:11:00.000Z",
      "hasDetail": true,
      "id": "w:root",
      "kind": "workflow",
      "label": "auth-hardening",
      "startedAt": "2026-08-01T12:05:00.000Z",
      "status": "completed",
    },
    {
      "agentId": "aaaa000000000001f",
      "durationMs": 119000,
      "endedAt": "2026-08-01T12:01:07.500Z",
      "group": "p:1",
      "hasDetail": true,
      "id": "a:aaaa000000000001f",
      "kind": "agent",
      "label": "find:auth-races",
      "model": "claude-fable-5",
      "startedAt": "2026-08-01T12:01:04.500Z",
      "status": "completed",
      "tokens": {
        "input": 12,
        "output": 90,
      },
    },
    {
      "agentId": "aaaa000000000002f",
      "durationMs": 1500,
      "endedAt": "2026-08-01T12:01:10.500Z",
      "hasDetail": true,
      "id": "a:aaaa000000000002f",
      "kind": "agent",
      "label": "Fix the races found in phase Find.",
      "startedAt": "2026-08-01T12:01:09.000Z",
      "status": "error",
    },
    {
      "agentId": "aaaa000000000003f",
      "durationMs": 239000,
      "endedAt": "2026-08-01T12:01:15.000Z",
      "group": "p:2",
      "hasDetail": true,
      "id": "a:aaaa000000000003f",
      "kind": "agent",
      "label": "fix:auth-races (retry 1)",
      "model": "claude-fable-5",
      "startedAt": "2026-08-01T12:01:12.000Z",
      "status": "completed",
      "tokens": {
        "input": 12,
        "output": 90,
      },
    },
  ],
}
`;
