// Vitest Snapshot v1, https://vitest.dev/guide/snapshot.html

exports[`structure-only > derived and mechanical survives; authored text dies 1`] = `
{
  "edges": [
    {
      "from": "t:00000000-0000-4000-8000-000000000004",
      "id": "e:sequence:t:00000000-0000-4000-8000-000000000004→g:toolu_fx0001",
      "kind": "sequence",
      "to": "g:toolu_fx0001",
    },
    {
      "from": "g:toolu_fx0001",
      "id": "e:sequence:g:toolu_fx0001→g:toolu_fx0003",
      "kind": "sequence",
      "to": "g:toolu_fx0003",
    },
    {
      "from": "g:toolu_fx0003",
      "id": "e:sequence:g:toolu_fx0003→g:toolu_fx0011",
      "kind": "sequence",
      "to": "g:toolu_fx0011",
    },
    {
      "from": "g:toolu_fx0011",
      "id": "e:sequence:g:toolu_fx0011→g:toolu_fx0012",
      "kind": "sequence",
      "to": "g:toolu_fx0012",
    },
    {
      "from": "g:toolu_fx0012",
      "id": "e:sequence:g:toolu_fx0012→g:toolu_fx0013",
      "kind": "sequence",
      "to": "g:toolu_fx0013",
    },
    {
      "from": "g:toolu_fx0013",
      "id": "e:sequence:g:toolu_fx0013→g:toolu_fx0014",
      "kind": "sequence",
      "to": "g:toolu_fx0014",
    },
    {
      "from": "g:toolu_fx0014",
      "id": "e:sequence:g:toolu_fx0014→t:00000000-0000-4000-8000-000000000033",
      "kind": "sequence",
      "to": "t:00000000-0000-4000-8000-000000000033",
    },
    {
      "from": "t:00000000-0000-4000-8000-000000000033",
      "id": "e:sequence:t:00000000-0000-4000-8000-000000000033→h:00000000-0000-4000-8000-000000000039",
      "kind": "sequence",
      "to": "h:00000000-0000-4000-8000-000000000039",
    },
    {
      "from": "h:00000000-0000-4000-8000-000000000039",
      "id": "e:sequence:h:00000000-0000-4000-8000-000000000039→g:toolu_fxD001",
      "kind": "sequence",
      "to": "g:toolu_fxD001",
    },
    {
      "from": "g:toolu_fxD001",
      "id": "e:sequence:g:toolu_fxD001→h:00000000-0000-4000-8000-000000000042",
      "kind": "sequence",
      "to": "h:00000000-0000-4000-8000-000000000042",
    },
    {
      "from": "h:00000000-0000-4000-8000-000000000042",
      "id": "e:sequence:h:00000000-0000-4000-8000-000000000042→t:00000000-0000-4000-8000-000000000045",
      "kind": "sequence",
      "to": "t:00000000-0000-4000-8000-000000000045",
    },
    {
      "from": "t:00000000-0000-4000-8000-000000000045",
      "id": "e:sequence:t:00000000-0000-4000-8000-000000000045→g:toolu_fx0015",
      "kind": "sequence",
      "to": "g:toolu_fx0015",
    },
    {
      "from": "t:00000000-0000-4000-8000-000000000033",
      "id": "e:spawn:t:00000000-0000-4000-8000-000000000033→a:toolu_fxA001",
      "kind": "spawn",
      "to": "a:toolu_fxA001",
    },
    {
      "from": "a:toolu_fxA001",
      "id": "e:return:a:toolu_fxA001→t:00000000-0000-4000-8000-000000000045",
      "kind": "return",
      "to": "t:00000000-0000-4000-8000-000000000045",
    },
    {
      "from": "t:00000000-0000-4000-8000-000000000045",
      "id": "e:spawn:t:00000000-0000-4000-8000-000000000045→w:toolu_fxW001",
      "kind": "spawn",
      "to": "w:toolu_fxW001",
    },
    {
      "from": "w:toolu_fxW001",
      "id": "e:return:w:toolu_fxW001→t:00000000-0000-4000-8000-000000000045",
      "kind": "return",
      "to": "t:00000000-0000-4000-8000-000000000045",
    },
  ],
  "groups": [],
  "irVersion": 1,
  "meta": {
    "adapter": "claude-code",
    "coverage": {
      "records": 51,
      "sourcesUnread": 0,
      "unrecognized": 2,
    },
    "endedAt": "2026-08-01T12:00:57.000Z",
    "ext": {
      "claudeCode": {
        "unknownTypes": {
          "atis-latch": 1,
          "holo-recap": 1,
        },
      },
    },
    "kind": "session",
    "runId": "claude-code:-home-dev-acme:11111111-1111-4111-8111-111111111111",
    "startedAt": "2026-08-01T12:00:01.500Z",
    "title": "session (structure only)",
    "totals": {
      "agents": 1,
      "tokens": 1564,
      "toolCalls": 12,
    },
    "unrecognizedLineCount": 2,
  },
  "nodes": [
    {
      "durationMs": 45000,
      "endedAt": "2026-08-01T12:00:28.500Z",
      "id": "t:00000000-0000-4000-8000-000000000004",
      "kind": "turn",
      "label": "turn 1",
      "startedAt": "2026-08-01T12:00:03.000Z",
      "status": "completed",
      "tokens": {
        "input": 108,
        "output": 480,
      },
    },
    {
      "callCount": 2,
      "errorCount": 1,
      "id": "g:toolu_fx0001",
      "kind": "tool",
      "label": "Bash ×2",
      "startedAt": "2026-08-01T12:00:06.000Z",
      "status": "completed",
    },
    {
      "callCount": 1,
      "errorCount": 0,
      "files": [
        "/home/dev/acme/tests/login.spec.ts",
      ],
      "id": "g:toolu_fx0003",
      "kind": "tool",
      "label": "Edit · login.spec.ts",
      "startedAt": "2026-08-01T12:00:12.000Z",
      "status": "completed",
    },
    {
      "callCount": 1,
      "errorCount": 0,
      "id": "g:toolu_fx0011",
      "kind": "tool",
      "label": "Grep",
      "startedAt": "2026-08-01T12:00:16.500Z",
      "status": "completed",
    },
    {
      "callCount": 1,
      "errorCount": 0,
      "files": [
        "/home/dev/acme/tests/login.spec.ts",
      ],
      "id": "g:toolu_fx0012",
      "kind": "tool",
      "label": "Read · login.spec.ts",
      "startedAt": "2026-08-01T12:00:19.500Z",
      "status": "completed",
    },
    {
      "callCount": 1,
      "errorCount": 0,
      "id": "g:toolu_fx0013",
      "kind": "tool",
      "label": "Bash",
      "startedAt": "2026-08-01T12:00:22.500Z",
      "status": "completed",
    },
    {
      "callCount": 1,
      "errorCount": 0,
      "id": "g:toolu_fx0014",
      "kind": "tool",
      "label": "Hypervisor",
      "startedAt": "2026-08-01T12:00:25.500Z",
      "status": "completed",
    },
    {
      "durationMs": 7500,
      "endedAt": "2026-08-01T12:00:39.000Z",
      "id": "t:00000000-0000-4000-8000-000000000033",
      "kind": "turn",
      "label": "turn 2",
      "startedAt": "2026-08-01T12:00:31.500Z",
      "status": "completed",
      "tokens": {
        "input": 36,
        "output": 150,
      },
    },
    {
      "id": "h:00000000-0000-4000-8000-000000000039",
      "interventionKind": "answer",
      "kind": "human",
      "label": "answered a question",
      "startedAt": "2026-08-01T12:00:37.500Z",
      "status": "completed",
    },
    {
      "callCount": 1,
      "errorCount": 1,
      "files": [
        "/home/dev/acme/src/auth/session.ts",
      ],
      "id": "g:toolu_fxD001",
      "kind": "tool",
      "label": "Edit · session.ts",
      "startedAt": "2026-08-01T12:00:39.000Z",
      "status": "error",
    },
    {
      "id": "h:00000000-0000-4000-8000-000000000042",
      "interventionKind": "denial",
      "kind": "human",
      "label": "denial",
      "startedAt": "2026-08-01T12:00:40.500Z",
      "status": "completed",
    },
    {
      "durationMs": 30000,
      "endedAt": "2026-08-01T12:00:51.000Z",
      "id": "t:00000000-0000-4000-8000-000000000045",
      "kind": "turn",
      "label": "turn 3",
      "startedAt": "2026-08-01T12:00:43.500Z",
      "status": "completed",
      "tokens": {
        "input": 24,
        "output": 110,
      },
    },
    {
      "callCount": 1,
      "errorCount": 0,
      "id": "g:toolu_fx0015",
      "kind": "tool",
      "label": "Bash",
      "startedAt": "2026-08-01T12:00:55.500Z",
      "status": "completed",
    },
    {
      "agentId": "a123456789abcdef0",
      "durationMs": 4500,
      "files": [
        "/home/dev/acme/src/auth/session.ts",
      ],
      "id": "a:toolu_fxA001",
      "kind": "agent",
      "label": "agent 1",
      "model": "claude-fable-5",
      "startedAt": "2026-08-01T12:00:58.500Z",
      "status": "completed",
      "tokens": {
        "input": 24,
        "output": 160,
      },
    },
    {
      "durationMs": 360000,
      "id": "w:toolu_fxW001",
      "kind": "workflow",
      "label": "auth-hardening",
      "runRef": "claude-code:-home-dev-acme:11111111-1111-4111-8111-111111111111:wf_12345678-abc",
      "startedAt": "2026-08-01T12:00:45.000Z",
      "status": "completed",
      "tokens": {
        "input": 0,
        "output": 410,
      },
    },
  ],
}
`;
