// Vitest Snapshot v1, https://vitest.dev/guide/snapshot.html

exports[`codex parse > clean-run IR matches the snapshot 1`] = `
{
  "edges": [
    {
      "from": "t:turn-c1a",
      "id": "e:sequence:t:turn-c1a→g:call_c1grep",
      "kind": "sequence",
      "to": "g:call_c1grep",
    },
    {
      "from": "g:call_c1grep",
      "id": "e:sequence:g:call_c1grep→t:turn-c1b",
      "kind": "sequence",
      "to": "t:turn-c1b",
    },
    {
      "from": "t:turn-c1b",
      "id": "e:sequence:t:turn-c1b→g:call_c1test",
      "kind": "sequence",
      "to": "g:call_c1test",
    },
  ],
  "groups": [],
  "irVersion": 1,
  "meta": {
    "adapter": "codex",
    "coverage": {
      "records": 25,
      "sourcesUnread": 0,
      "unrecognized": 0,
    },
    "endedAt": "2026-08-01T10:00:50.000Z",
    "kind": "session",
    "runId": "codex:c1c1c1c1-0000-7000-8000-000000000001",
    "startedAt": "2026-08-01T10:00:02.000Z",
    "title": "Add input validation to the signup form",
    "totals": {
      "agents": 0,
      "tokens": 27000,
      "toolCalls": 3,
    },
    "unrecognizedLineCount": 0,
  },
  "nodes": [
    {
      "durationMs": 42000,
      "endedAt": "2026-08-01T10:00:34.000Z",
      "hasDetail": true,
      "id": "t:turn-c1a",
      "kind": "turn",
      "label": "Add input validation to the signup form",
      "startedAt": "2026-08-01T10:00:04.000Z",
      "status": "completed",
      "tokens": {
        "input": 20000,
        "output": 800,
      },
    },
    {
      "callCount": 2,
      "errorCount": 0,
      "files": [
        "/home/dev/acme/src/forms/signup.ts",
      ],
      "hasDetail": true,
      "id": "g:call_c1grep",
      "kind": "tool",
      "label": "Shell · rg -n "signup" src/ ×2",
      "startedAt": "2026-08-01T10:00:16.000Z",
      "status": "completed",
    },
    {
      "durationMs": 38000,
      "endedAt": "2026-08-01T10:00:50.000Z",
      "hasDetail": true,
      "id": "t:turn-c1b",
      "kind": "turn",
      "label": "Run the form tests",
      "startedAt": "2026-08-01T10:00:36.000Z",
      "status": "completed",
      "tokens": {
        "input": 6000,
        "output": 200,
      },
    },
    {
      "callCount": 1,
      "errorCount": 0,
      "hasDetail": true,
      "id": "g:call_c1test",
      "kind": "tool",
      "label": "Shell · npm test -- signup",
      "startedAt": "2026-08-01T10:00:42.000Z",
      "status": "completed",
    },
  ],
}
`;

exports[`codex parse > subagent-run IR matches the snapshot 1`] = `
{
  "edges": [
    {
      "from": "t:turn-c2a",
      "id": "e:sequence:t:turn-c2a→g:call_c2patch",
      "kind": "sequence",
      "to": "g:call_c2patch",
    },
    {
      "from": "g:call_c2patch",
      "id": "e:sequence:g:call_c2patch→h:turn-c2a:interrupt",
      "kind": "sequence",
      "to": "h:turn-c2a:interrupt",
    },
    {
      "from": "h:turn-c2a:interrupt",
      "id": "e:sequence:h:turn-c2a:interrupt→t:turn-c2b",
      "kind": "sequence",
      "reason": "after user interrupt",
      "to": "t:turn-c2b",
    },
    {
      "from": "t:turn-c2b",
      "id": "e:sequence:t:turn-c2b→g:call_c2t1",
      "kind": "sequence",
      "to": "g:call_c2t1",
    },
    {
      "from": "t:turn-c2a",
      "id": "e:spawn:t:turn-c2a→a:call_c2spawn",
      "kind": "spawn",
      "label": "auth_map",
      "to": "a:call_c2spawn",
    },
    {
      "from": "a:call_c2spawn",
      "id": "e:return:a:call_c2spawn→t:turn-c2a",
      "kind": "return",
      "label": "Auth map: token.js owns refresh; the session bug is the TTL reset in session.ts:41.",
      "to": "t:turn-c2a",
    },
    {
      "from": "a:call_c2spawn",
      "id": "e:spawn:a:call_c2spawn→a:call_c2g",
      "kind": "spawn",
      "label": "token_check",
      "to": "a:call_c2g",
    },
    {
      "from": "a:call_c2g",
      "id": "e:return:a:call_c2g→a:call_c2spawn",
      "kind": "return",
      "label": "token.js refresh path is sound.",
      "to": "a:call_c2spawn",
    },
  ],
  "groups": [],
  "irVersion": 1,
  "meta": {
    "adapter": "codex",
    "coverage": {
      "records": 57,
      "sourcesUnread": 0,
      "unrecognized": 2,
    },
    "endedAt": "2026-08-01T10:01:48.000Z",
    "ext": {
      "codex": {
        "unknownTypes": {
          "event_msg:quantum_status": 1,
          "holo-sync": 1,
        },
      },
    },
    "kind": "session",
    "runId": "codex:c2c2c2c2-0000-7000-8000-000000000002",
    "startedAt": "2026-08-01T10:00:52.000Z",
    "title": "Map the auth module, then fix the session bug",
    "totals": {
      "agents": 2,
      "tokens": 31700,
      "toolCalls": 5,
    },
    "unrecognizedLineCount": 2,
  },
  "nodes": [
    {
      "durationMs": 20000,
      "endedAt": "2026-08-01T10:01:14.000Z",
      "hasDetail": true,
      "id": "t:turn-c2a",
      "kind": "turn",
      "label": "Map the auth module, then fix the session bug",
      "startedAt": "2026-08-01T10:00:54.000Z",
      "status": "completed",
      "tokens": {
        "input": 15000,
        "output": 800,
      },
    },
    {
      "callCount": 1,
      "errorCount": 0,
      "files": [
        "/home/dev/acme/src/auth/session.ts",
      ],
      "hasDetail": true,
      "id": "g:call_c2patch",
      "kind": "tool",
      "label": "Patch · session.ts",
      "startedAt": "2026-08-01T10:01:16.000Z",
      "status": "completed",
    },
    {
      "hasDetail": true,
      "id": "h:turn-c2a:interrupt",
      "interventionKind": "interrupt",
      "kind": "human",
      "label": "interrupted",
      "startedAt": "2026-08-01T10:01:24.000Z",
      "status": "completed",
    },
    {
      "durationMs": 51000,
      "endedAt": "2026-08-01T10:01:48.000Z",
      "hasDetail": true,
      "id": "t:turn-c2b",
      "kind": "turn",
      "label": "Just run the tests",
      "startedAt": "2026-08-01T10:01:26.000Z",
      "status": "completed",
      "tokens": {
        "input": 9000,
        "output": 400,
      },
    },
    {
      "callCount": 2,
      "errorCount": 1,
      "hasDetail": true,
      "id": "g:call_c2t1",
      "kind": "tool",
      "label": "Shell · npm test -- session ×2",
      "startedAt": "2026-08-01T10:01:32.000Z",
      "status": "completed",
    },
    {
      "agentId": "c2c2c2c2-0000-7000-8000-00000000c41d",
      "durationMs": 16900,
      "ext": {
        "codex": {
          "agentPath": "/root/auth_map",
          "depth": 1,
          "nickname": "Darwin",
        },
      },
      "files": [
        "/home/dev/acme/docs/auth-map.md",
      ],
      "hasDetail": true,
      "id": "a:call_c2spawn",
      "kind": "agent",
      "label": "auth_map",
      "model": "gpt-5.5-codex",
      "startedAt": "2026-08-01T10:01:51.100Z",
      "status": "completed",
      "tokens": {
        "input": 5000,
        "output": 400,
      },
    },
    {
      "agentId": "c2c2c2c2-0000-7000-8000-00000000c42d",
      "durationMs": 16000,
      "ext": {
        "codex": {
          "agentPath": "/root/auth_map/token_check",
          "depth": 2,
          "nickname": "Bohr",
        },
      },
      "hasDetail": true,
      "id": "a:call_c2g",
      "kind": "agent",
      "label": "token_check",
      "model": "gpt-5.5-codex",
      "startedAt": "2026-08-01T10:02:12.000Z",
      "status": "completed",
      "tokens": {
        "input": 1000,
        "output": 100,
      },
    },
  ],
}
`;
