// Vitest Snapshot v1, https://vitest.dev/guide/snapshot.html

exports[`hermes detect > indexes sessions across profile DBs with the three-tier project rule 1`] = `
[
  {
    "kind": "session",
    "modifiedAt": "2026-08-01T12:01:50.000Z",
    "profile": "legacy",
    "project": "✦ Hermes tasks",
    "projectFromCwd": false,
    "runId": "hermes:20260701_090000_1e64c1",
    "sizeBytes": 3,
    "source": "cli",
    "startedAt": "2026-08-01T12:01:44.000Z",
    "title": "Check the backup cron",
  },
  {
    "kind": "session",
    "modifiedAt": "2026-08-01T12:01:44.000Z",
    "profile": "default",
    "project": "✦ Hermes tasks",
    "projectFromCwd": false,
    "runId": "hermes:20260801_130000_a2c41d",
    "sizeBytes": 0,
    "source": "cli",
    "startedAt": "2026-08-01T12:01:42.000Z",
    "title": "An archived task",
  },
  {
    "kind": "session",
    "modifiedAt": "2026-08-01T12:01:40.000Z",
    "profile": "default",
    "project": "✦ Hermes tasks",
    "projectFromCwd": false,
    "runId": "hermes:20260801_125500_6a7e3a",
    "sizeBytes": 2,
    "source": "telegram",
    "startedAt": "2026-08-01T12:01:36.000Z",
    "title": "Weekly recap over Telegram",
  },
  {
    "kind": "session",
    "modifiedAt": "2026-08-01T12:01:34.000Z",
    "profile": "default",
    "project": "/home/dev/acme",
    "projectFromCwd": true,
    "runId": "hermes:20260801_125000_9e0666",
    "sizeBytes": 6,
    "source": "cli",
    "startedAt": "2026-08-01T12:01:22.000Z",
    "title": "Add a deploy script",
  },
  {
    "kind": "session",
    "modifiedAt": "2026-08-01T12:01:21.000Z",
    "profile": "default",
    "project": "✦ Hermes tasks",
    "projectFromCwd": false,
    "runId": "hermes:20260801_124500_e30071",
    "sizeBytes": 0,
    "source": "cli",
    "startedAt": "2026-08-01T12:01:20.000Z",
    "title": "20260801_124500_e30071",
  },
  {
    "kind": "session",
    "modifiedAt": "2026-08-01T12:01:18.000Z",
    "profile": "default",
    "project": "✦ Hermes tasks",
    "projectFromCwd": false,
    "runId": "hermes:20260801_123000_de1e60",
    "sizeBytes": 8,
    "source": "cli",
    "startedAt": "2026-08-01T12:01:04.000Z",
    "title": "Compare the two frameworks",
  },
  {
    "kind": "session",
    "modifiedAt": "2026-08-01T12:01:02.000Z",
    "profile": "default",
    "project": "✦ Hermes tasks",
    "projectFromCwd": false,
    "runId": "hermes:20260801_121500_780b1e",
    "sizeBytes": 17,
    "source": "cli",
    "startedAt": "2026-08-01T12:00:24.000Z",
    "title": "Wire the deploy script into CI",
  },
  {
    "kind": "session",
    "modifiedAt": "2026-08-01T12:00:22.000Z",
    "profile": "default",
    "project": "✦ Hermes tasks",
    "projectFromCwd": false,
    "runId": "hermes:20260801_120000_c1ea01",
    "sizeBytes": 10,
    "source": "cli",
    "startedAt": "2026-08-01T12:00:02.000Z",
    "title": "Draft the launch checklist",
  },
]
`;

exports[`hermes parse > clean-run IR matches the snapshot 1`] = `
{
  "edges": [
    {
      "from": "m1",
      "id": "e:sequence:m1→t2",
      "kind": "sequence",
      "to": "t2",
    },
    {
      "from": "t2",
      "id": "e:sequence:t2→t4",
      "kind": "sequence",
      "to": "t4",
    },
    {
      "from": "t4",
      "id": "e:sequence:t4→m7",
      "kind": "sequence",
      "to": "m7",
    },
    {
      "from": "m7",
      "id": "e:sequence:m7→t8",
      "kind": "sequence",
      "to": "t8",
    },
  ],
  "groups": [],
  "irVersion": 1,
  "meta": {
    "adapter": "hermes",
    "coverage": {
      "records": 10,
      "sourcesUnread": 0,
      "unrecognized": 0,
    },
    "endedAt": "2026-08-01T12:00:22.000Z",
    "ext": {
      "hermes": {
        "archived": false,
        "estimatedCostUsd": 0.0021,
        "inactiveMessageCount": 0,
        "model": "deepseek-v4-flash",
        "profile": "default",
        "rewindCount": 0,
        "schemaVersion": 26,
        "source": "cli",
      },
    },
    "kind": "session",
    "runId": "hermes:20260801_120000_c1ea01",
    "startedAt": "2026-08-01T12:00:02.000Z",
    "title": "Draft the launch checklist",
    "totals": {
      "agents": 0,
      "tokens": 5100,
      "toolCalls": 3,
    },
    "unrecognizedLineCount": 0,
  },
  "nodes": [
    {
      "durationMs": 10000,
      "endedAt": "2026-08-01T12:00:12.000Z",
      "hasDetail": true,
      "id": "m1",
      "kind": "turn",
      "label": "Draft the launch checklist for the beta",
      "startedAt": "2026-08-01T12:00:02.000Z",
      "status": "completed",
      "tokens": {
        "input": 0,
        "output": 200,
      },
    },
    {
      "callCount": 1,
      "endedAt": "2026-08-01T12:00:06.000Z",
      "errorCount": 0,
      "hasDetail": true,
      "id": "t2",
      "kind": "tool",
      "label": "terminal · ls docs/",
      "startedAt": "2026-08-01T12:00:04.000Z",
      "status": "completed",
    },
    {
      "callCount": 1,
      "endedAt": "2026-08-01T12:00:10.000Z",
      "errorCount": 0,
      "files": [
        "/home/dev/notes/launch.md",
      ],
      "hasDetail": true,
      "id": "t4",
      "kind": "tool",
      "label": "read_file · launch.md",
      "startedAt": "2026-08-01T12:00:08.000Z",
      "status": "completed",
    },
    {
      "durationMs": 6000,
      "endedAt": "2026-08-01T12:00:20.000Z",
      "hasDetail": true,
      "id": "m7",
      "kind": "turn",
      "label": "Looks good, save it",
      "startedAt": "2026-08-01T12:00:14.000Z",
      "status": "completed",
      "tokens": {
        "input": 0,
        "output": 40,
      },
    },
    {
      "callCount": 1,
      "endedAt": "2026-08-01T12:00:18.000Z",
      "errorCount": 0,
      "files": [
        "/home/dev/notes/launch.md",
      ],
      "hasDetail": true,
      "id": "t8",
      "kind": "tool",
      "label": "write_file · launch.md",
      "startedAt": "2026-08-01T12:00:16.000Z",
      "status": "completed",
    },
  ],
}
`;

exports[`hermes parse > delegation-run IR matches the snapshot 1`] = `
{
  "edges": [
    {
      "from": "m30",
      "id": "e:sequence:m30→t36",
      "kind": "sequence",
      "to": "t36",
    },
    {
      "from": "m30",
      "id": "e:spawn:m30→a20260801_123001_c41d01",
      "kind": "spawn",
      "label": "Research framework A performance",
      "to": "a20260801_123001_c41d01",
    },
    {
      "from": "a20260801_123001_c41d01",
      "id": "e:sequence:a20260801_123001_c41d01→m37",
      "kind": "sequence",
      "to": "m37",
    },
    {
      "from": "m37",
      "id": "e:sequence:m37→t38",
      "kind": "sequence",
      "to": "t38",
    },
    {
      "from": "a20260801_123001_c41d01",
      "id": "e:return:a20260801_123001_c41d01→m30",
      "kind": "return",
      "label": "✓ TASK 1/2: Research framework A performance",
      "to": "m30",
    },
    {
      "from": "m30",
      "id": "e:spawn:m30→a20260801_123002_c41d02",
      "kind": "spawn",
      "label": "Research framework B ecosystem",
      "to": "a20260801_123002_c41d02",
    },
    {
      "from": "a20260801_123002_c41d02",
      "id": "e:sequence:a20260801_123002_c41d02→m41",
      "kind": "sequence",
      "to": "m41",
    },
    {
      "from": "m41",
      "id": "e:sequence:m41→t42",
      "kind": "sequence",
      "to": "t42",
    },
    {
      "from": "a20260801_123002_c41d02",
      "id": "e:return:a20260801_123002_c41d02→m30",
      "kind": "return",
      "label": "✓ TASK 2/2: Research framework B ecosystem",
      "to": "m30",
    },
  ],
  "groups": [
    {
      "id": "lane:a20260801_123001_c41d01",
      "label": "Research framework A performance",
    },
    {
      "id": "lane:a20260801_123002_c41d02",
      "label": "Research framework B ecosystem",
    },
  ],
  "irVersion": 1,
  "meta": {
    "adapter": "hermes",
    "coverage": {
      "records": 15,
      "sourcesUnread": 0,
      "unrecognized": 0,
    },
    "ext": {
      "hermes": {
        "archived": false,
        "estimatedCostUsd": 0.011,
        "inactiveMessageCount": 0,
        "model": "deepseek-v4-flash",
        "profile": "default",
        "rewindCount": 0,
        "schemaVersion": 26,
        "source": "cli",
      },
    },
    "kind": "session",
    "runId": "hermes:20260801_123000_de1e60",
    "startedAt": "2026-08-01T12:01:04.000Z",
    "title": "Compare the two frameworks",
    "totals": {
      "agents": 2,
      "tokens": 18200,
      "toolCalls": 2,
    },
    "unrecognizedLineCount": 0,
  },
  "nodes": [
    {
      "durationMs": 12000,
      "endedAt": "2026-08-01T12:01:16.000Z",
      "hasDetail": true,
      "id": "m30",
      "kind": "turn",
      "label": "Research both frameworks and compare them",
      "startedAt": "2026-08-01T12:01:04.000Z",
      "status": "running",
    },
    {
      "callCount": 1,
      "errorCount": 0,
      "files": [
        "/home/dev/notes/comparison.md",
      ],
      "hasDetail": true,
      "id": "t36",
      "kind": "tool",
      "label": "write_file · comparison.md",
      "startedAt": "2026-08-01T12:01:16.000Z",
      "status": "running",
    },
    {
      "agentId": "20260801_123001_c41d01",
      "durationMs": 8000,
      "endedAt": "2026-08-01T12:01:16.000Z",
      "group": "lane:a20260801_123001_c41d01",
      "hasDetail": true,
      "id": "a20260801_123001_c41d01",
      "kind": "agent",
      "label": "Research framework A performance",
      "model": "deepseek-v4-pro",
      "startedAt": "2026-08-01T12:01:08.000Z",
      "status": "completed",
      "tokens": {
        "input": 5000,
        "output": 400,
      },
    },
    {
      "durationMs": 6000,
      "endedAt": "2026-08-01T12:01:14.000Z",
      "group": "lane:a20260801_123001_c41d01",
      "hasDetail": true,
      "id": "m37",
      "kind": "turn",
      "label": "Research framework A performance",
      "startedAt": "2026-08-01T12:01:08.000Z",
      "status": "completed",
    },
    {
      "callCount": 1,
      "endedAt": "2026-08-01T12:01:12.000Z",
      "errorCount": 0,
      "group": "lane:a20260801_123001_c41d01",
      "hasDetail": true,
      "id": "t38",
      "kind": "tool",
      "label": "terminal · ab -n 100 http://localhost:3…",
      "startedAt": "2026-08-01T12:01:10.000Z",
      "status": "completed",
    },
    {
      "agentId": "20260801_123002_c41d02",
      "durationMs": 8000,
      "endedAt": "2026-08-01T12:01:17.000Z",
      "files": [
        "/home/dev/notes/plugins.md",
      ],
      "group": "lane:a20260801_123002_c41d02",
      "hasDetail": true,
      "id": "a20260801_123002_c41d02",
      "kind": "agent",
      "label": "Research framework B ecosystem",
      "model": "deepseek-v4-pro",
      "startedAt": "2026-08-01T12:01:09.000Z",
      "status": "completed",
      "tokens": {
        "input": 3000,
        "output": 250,
      },
    },
    {
      "durationMs": 6000,
      "endedAt": "2026-08-01T12:01:15.000Z",
      "group": "lane:a20260801_123002_c41d02",
      "hasDetail": true,
      "id": "m41",
      "kind": "turn",
      "label": "Research framework B ecosystem",
      "startedAt": "2026-08-01T12:01:09.000Z",
      "status": "completed",
    },
    {
      "callCount": 1,
      "endedAt": "2026-08-01T12:01:13.000Z",
      "errorCount": 0,
      "files": [
        "/home/dev/notes/plugins.md",
      ],
      "group": "lane:a20260801_123002_c41d02",
      "hasDetail": true,
      "id": "t42",
      "kind": "tool",
      "label": "read_file · plugins.md",
      "startedAt": "2026-08-01T12:01:11.000Z",
      "status": "completed",
    },
  ],
}
`;

exports[`hermes parse > trouble-run IR matches the snapshot 1`] = `
{
  "edges": [
    {
      "from": "m11",
      "id": "e:sequence:m11→t12",
      "kind": "sequence",
      "to": "t12",
    },
    {
      "from": "t12",
      "id": "e:sequence:t12→m16.q",
      "kind": "sequence",
      "reason": "after terminal error",
      "to": "m16.q",
    },
    {
      "from": "m16.q",
      "id": "e:sequence:m16.q→t18",
      "kind": "sequence",
      "reason": "answer: GitHub Actions",
      "to": "t18",
    },
    {
      "from": "t18",
      "id": "e:sequence:t18→m21",
      "kind": "sequence",
      "to": "m21",
    },
    {
      "from": "m21",
      "id": "e:sequence:m21→t22",
      "kind": "sequence",
      "reason": "after permission denial",
      "to": "t22",
    },
  ],
  "groups": [],
  "irVersion": 1,
  "meta": {
    "adapter": "hermes",
    "coverage": {
      "records": 18,
      "sourcesUnread": 0,
      "unrecognized": 2,
    },
    "endedAt": "2026-08-01T12:01:02.000Z",
    "ext": {
      "hermes": {
        "archived": false,
        "estimatedCostUsd": 0.0058,
        "inactiveMessageCount": 1,
        "model": "deepseek-v4-flash",
        "modelSwitchCount": 1,
        "profile": "default",
        "rewindCount": 0,
        "schemaVersion": 26,
        "source": "cli",
        "unknownTypes": {
          "holo_recap": 1,
          "role:system": 1,
        },
      },
    },
    "kind": "session",
    "runId": "hermes:20260801_121500_780b1e",
    "startedAt": "2026-08-01T12:00:24.000Z",
    "title": "Wire the deploy script into CI",
    "totals": {
      "agents": 0,
      "tokens": 11900,
      "toolCalls": 7,
    },
    "unrecognizedLineCount": 2,
  },
  "nodes": [
    {
      "durationMs": 26000,
      "endedAt": "2026-08-01T12:00:50.000Z",
      "hasDetail": true,
      "id": "m11",
      "kind": "turn",
      "label": "Wire the deploy script into CI",
      "startedAt": "2026-08-01T12:00:24.000Z",
      "status": "completed",
    },
    {
      "callCount": 3,
      "callOffsets": [
        0,
        0,
        0,
      ],
      "endedAt": "2026-08-01T12:00:32.000Z",
      "errorCount": 3,
      "hasDetail": true,
      "id": "t12",
      "kind": "tool",
      "label": "terminal · npm run deploy -- --dry-run ×3",
      "startedAt": "2026-08-01T12:00:26.000Z",
      "status": "error",
    },
    {
      "hasDetail": true,
      "id": "m16.q",
      "interventionKind": "answer",
      "kind": "human",
      "label": "answered: GitHub Actions",
      "startedAt": "2026-08-01T12:00:36.000Z",
      "status": "completed",
    },
    {
      "callCount": 2,
      "callOffsets": [
        0,
        4000,
      ],
      "endedAt": "2026-08-01T12:00:44.000Z",
      "errorCount": 1,
      "hasDetail": true,
      "id": "t18",
      "kind": "tool",
      "label": "terminal · cat .ci/config.yml ×2",
      "startedAt": "2026-08-01T12:00:38.000Z",
      "status": "completed",
    },
    {
      "hasDetail": true,
      "id": "m21",
      "interventionKind": "denial",
      "kind": "human",
      "label": "denied terminal",
      "startedAt": "2026-08-01T12:00:44.000Z",
      "status": "completed",
    },
    {
      "callCount": 1,
      "endedAt": "2026-08-01T12:00:48.000Z",
      "errorCount": 1,
      "files": [
        "/home/dev/ci/deploy.sh",
      ],
      "hasDetail": true,
      "id": "t22",
      "kind": "tool",
      "label": "patch · deploy.sh",
      "startedAt": "2026-08-01T12:00:46.000Z",
      "status": "error",
    },
  ],
}
`;
