// Vitest Snapshot v1, https://vitest.dev/guide/snapshot.html

exports[`opencode detect > indexes every ROOT session, newest first, with no warnings 1`] = `
[
  {
    "agent": "build",
    "archived": false,
    "kind": "session",
    "modifiedAt": "2026-08-01T12:03:26.380Z",
    "project": "/home/dev/acme",
    "projectFromCwd": true,
    "runId": "opencode:ses_fxc0000000000000shape",
    "sizeBytes": 2,
    "startedAt": "2026-08-01T12:03:22.269Z",
    "title": "Summarise the release notes",
    "version": "1.18.19",
  },
  {
    "agent": "build",
    "archived": false,
    "kind": "session",
    "modifiedAt": "2026-08-01T12:03:20.290Z",
    "project": "/home/dev/acme",
    "projectFromCwd": true,
    "runId": "opencode:ses_fxf00000000000denytask",
    "sizeBytes": 6,
    "startedAt": "2026-08-01T12:03:06.623Z",
    "title": "Fan out to a subagent",
    "version": "1.18.19",
  },
  {
    "agent": "build",
    "archived": false,
    "kind": "session",
    "modifiedAt": "2026-08-01T12:03:04.640Z",
    "project": "/home/dev/acme",
    "projectFromCwd": true,
    "runId": "opencode:ses_fxe0000000000revertlane",
    "sizeBytes": 4,
    "startedAt": "2026-08-01T12:02:48.934Z",
    "title": "Add request logging",
    "version": "1.18.19",
  },
  {
    "agent": "build",
    "archived": false,
    "kind": "session",
    "modifiedAt": "2026-08-01T12:02:46.960Z",
    "project": "/home/dev/acme",
    "projectFromCwd": true,
    "runId": "opencode:ses_fxb00000000000compact",
    "sizeBytes": 4,
    "startedAt": "2026-08-01T12:02:38.462Z",
    "title": "Carry on with the migration",
    "version": "1.18.19",
  },
  {
    "agent": "build",
    "archived": false,
    "kind": "session",
    "modifiedAt": "2026-08-01T12:02:36.480Z",
    "project": "/home/dev/notes",
    "projectFromCwd": true,
    "runId": "opencode:ses_fxa000000000000000fork",
    "sizeBytes": 2,
    "startedAt": "2026-08-01T12:28:05.762Z",
    "title": "Reading notes.txt contents (fork #1)",
    "version": "1.18.19",
  },
  {
    "agent": "build",
    "archived": false,
    "kind": "session",
    "modifiedAt": "2026-08-01T12:02:30.090Z",
    "project": "/home/dev/acme",
    "projectFromCwd": true,
    "runId": "opencode:ses_fx0000000000000000int",
    "sizeBytes": 5,
    "startedAt": "2026-08-01T12:02:19.313Z",
    "title": "Rewrite the test suite",
    "version": "1.18.19",
  },
  {
    "agent": "build",
    "archived": false,
    "kind": "session",
    "modifiedAt": "2026-08-01T12:02:17.340Z",
    "project": "/home/dev/acme",
    "projectFromCwd": true,
    "runId": "opencode:ses_fx1000000000000revert",
    "sizeBytes": 4,
    "startedAt": "2026-08-01T12:02:07.367Z",
    "title": "Add a health endpoint",
    "version": "1.18.19",
  },
  {
    "agent": "build",
    "archived": true,
    "kind": "session",
    "modifiedAt": "2026-08-01T12:02:05.390Z",
    "project": "/home/dev/acme",
    "projectFromCwd": true,
    "runId": "opencode:ses_fx2000000000000archiv",
    "sizeBytes": 2,
    "startedAt": "2026-08-01T12:02:01.284Z",
    "title": "Command session archiving",
    "version": "1.18.19",
  },
  {
    "agent": "build",
    "archived": false,
    "kind": "session",
    "modifiedAt": "2026-08-01T12:01:59.300Z",
    "project": "/home/dev/notes",
    "projectFromCwd": true,
    "runId": "opencode:ses_fx3000000000000secret",
    "sizeBytes": 2,
    "startedAt": "2026-08-01T12:01:53.991Z",
    "title": "Rotate leaked credentials",
    "version": "1.18.19",
  },
  {
    "agent": "build",
    "archived": false,
    "kind": "session",
    "modifiedAt": "2026-08-01T12:01:52.010Z",
    "project": "/home/dev/acme",
    "projectFromCwd": true,
    "runId": "opencode:ses_fx4000000000000trunca",
    "sizeBytes": 2,
    "startedAt": "2026-08-01T12:01:47.298Z",
    "title": "Show the build log",
    "version": "1.18.19",
  },
  {
    "agent": "build",
    "archived": false,
    "kind": "session",
    "modifiedAt": "2026-08-01T12:01:45.320Z",
    "project": "/home/dev/acme",
    "projectFromCwd": true,
    "runId": "opencode:ses_fx5000000000000000loud",
    "sizeBytes": 2,
    "startedAt": "2026-08-01T12:01:40.059Z",
    "title": "Migrate storage layer",
    "version": "1.18.19",
  },
  {
    "agent": "build",
    "archived": false,
    "kind": "session",
    "modifiedAt": "2026-08-01T12:01:38.090Z",
    "project": "/home/dev/acme",
    "projectFromCwd": true,
    "runId": "opencode:ses_fx6000000000000quiet0",
    "sizeBytes": 10,
    "startedAt": "2026-08-01T12:01:16.265Z",
    "title": "Bump version to 0.3.1",
    "version": "1.18.19",
  },
  {
    "agent": "build",
    "archived": false,
    "kind": "session",
    "modifiedAt": "2026-08-01T12:01:14.290Z",
    "project": "/home/dev/acme",
    "projectFromCwd": true,
    "runId": "opencode:ses_fx7000000000000000task",
    "sizeBytes": 2,
    "startedAt": "2026-08-01T12:00:56.750Z",
    "title": "Map the auth module",
    "version": "1.18.19",
  },
  {
    "agent": "build",
    "archived": false,
    "kind": "session",
    "modifiedAt": "2026-08-01T12:00:54.790Z",
    "project": "/home/dev/acme",
    "projectFromCwd": true,
    "runId": "opencode:ses_fx8000000000000trouble",
    "sizeBytes": 9,
    "startedAt": "2026-08-01T12:00:33.727Z",
    "title": "Wire the deploy script into CI",
    "version": "1.18.19",
  },
  {
    "agent": "build",
    "archived": false,
    "kind": "session",
    "modifiedAt": "2026-08-01T12:00:31.760Z",
    "project": "/home/dev/acme",
    "projectFromCwd": true,
    "runId": "opencode:ses_fxd0000000000000batch",
    "sizeBytes": 2,
    "startedAt": "2026-08-01T12:00:23.442Z",
    "title": "Read component stylesheets",
    "version": "1.18.19",
  },
  {
    "agent": "build",
    "archived": false,
    "kind": "session",
    "modifiedAt": "2026-08-01T12:00:21.470Z",
    "project": "/home/dev/acme",
    "projectFromCwd": true,
    "runId": "opencode:ses_fx9000000000000000clean",
    "sizeBytes": 9,
    "startedAt": "2026-08-01T12:00:01.970Z",
    "title": "Add a CHANGELOG entry",
    "version": "1.18.19",
  },
]
`;

exports[`opencode parse > clean-run IR matches the snapshot 1`] = `
{
  "edges": [
    {
      "from": "t:msg_fx00000001",
      "id": "e:sequence:t:msg_fx00000001→g:prt_fx00000007",
      "kind": "sequence",
      "to": "g:prt_fx00000007",
    },
    {
      "from": "g:prt_fx00000007",
      "id": "e:sequence:g:prt_fx00000007→g:prt_fx00000012",
      "kind": "sequence",
      "to": "g:prt_fx00000012",
    },
    {
      "from": "g:prt_fx00000012",
      "id": "e:sequence:g:prt_fx00000012→t:msg_fx00000008",
      "kind": "sequence",
      "to": "t:msg_fx00000008",
    },
    {
      "from": "t:msg_fx00000008",
      "id": "e:sequence:t:msg_fx00000008→g:prt_fx00000022",
      "kind": "sequence",
      "to": "g:prt_fx00000022",
    },
  ],
  "groups": [],
  "irVersion": 1,
  "meta": {
    "adapter": "opencode",
    "coverage": {
      "records": 33,
      "sourcesUnread": 0,
      "unrecognized": 0,
    },
    "endedAt": "2026-08-01T12:00:19.080Z",
    "ext": {
      "opencode": {
        "agent": "build",
        "billed": {
          "cacheRead": 50100,
          "cacheWrite": 0,
          "input": 12900,
          "output": 340,
        },
        "cost": 0.0042,
        "directory": "/home/dev/acme",
        "model": "opencode/nemotron-3.5-lightning-free",
        "version": "1.18.19",
      },
    },
    "kind": "session",
    "runId": "opencode:ses_fx9000000000000000clean",
    "startedAt": "2026-08-01T12:00:01.970Z",
    "title": "Add a CHANGELOG entry",
    "totals": {
      "agents": 0,
      "tokens": 16340,
      "toolCalls": 3,
    },
    "unrecognizedLineCount": 0,
  },
  "nodes": [
    {
      "durationMs": 13790,
      "endedAt": "2026-08-01T12:00:15.790Z",
      "hasDetail": true,
      "id": "t:msg_fx00000001",
      "kind": "turn",
      "label": "Add a CHANGELOG entry for the 0.2 release",
      "startedAt": "2026-08-01T12:00:02.000Z",
      "status": "completed",
      "tokens": {
        "input": 13000,
        "output": 300,
      },
    },
    {
      "callCount": 1,
      "errorCount": 0,
      "files": [
        "/home/dev/acme/CHANGELOG.md",
      ],
      "hasDetail": true,
      "id": "g:prt_fx00000007",
      "kind": "tool",
      "label": "read · CHANGELOG.md",
      "startedAt": "2026-08-01T12:00:06.450Z",
      "status": "completed",
    },
    {
      "callCount": 1,
      "errorCount": 0,
      "files": [
        "/home/dev/acme/CHANGELOG.md",
      ],
      "hasDetail": true,
      "id": "g:prt_fx00000012",
      "kind": "tool",
      "label": "edit · CHANGELOG.md",
      "startedAt": "2026-08-01T12:00:10.870Z",
      "status": "completed",
    },
    {
      "durationMs": 2800,
      "endedAt": "2026-08-01T12:00:19.880Z",
      "hasDetail": true,
      "id": "t:msg_fx00000008",
      "kind": "turn",
      "label": "Now run the tests",
      "startedAt": "2026-08-01T12:00:17.080Z",
      "status": "completed",
      "tokens": {
        "input": 3000,
        "output": 40,
      },
    },
    {
      "callCount": 1,
      "errorCount": 0,
      "hasDetail": true,
      "id": "g:prt_fx00000022",
      "kind": "tool",
      "label": "bash · Run the suite",
      "startedAt": "2026-08-01T12:00:19.410Z",
      "status": "completed",
    },
  ],
}
`;

exports[`opencode parse > subagent-run IR matches the snapshot 1`] = `
{
  "edges": [
    {
      "from": "t:msg_fx00000021",
      "id": "e:spawn:t:msg_fx00000021→a:ses_fx7a00000000000child01",
      "kind": "spawn",
      "label": "Explore project structure",
      "to": "a:ses_fx7a00000000000child01",
    },
    {
      "from": "a:ses_fx7a00000000000child01",
      "id": "e:sequence:a:ses_fx7a00000000000child01→t:msg_fx00000023",
      "kind": "sequence",
      "to": "t:msg_fx00000023",
    },
    {
      "from": "t:msg_fx00000023",
      "id": "e:sequence:t:msg_fx00000023→g:prt_fx00000076",
      "kind": "sequence",
      "to": "g:prt_fx00000076",
    },
    {
      "from": "a:ses_fx7a00000000000child01",
      "id": "e:return:a:ses_fx7a00000000000child01→t:msg_fx00000021",
      "kind": "return",
      "label": "token.js owns refresh; session.ts:41 resets the TTL.",
      "to": "t:msg_fx00000021",
    },
    {
      "from": "t:msg_fx00000021",
      "id": "e:spawn:t:msg_fx00000021→a:ses_fx7b00000000000child02",
      "kind": "spawn",
      "label": "(spawn record not retained — compacted)",
      "to": "a:ses_fx7b00000000000child02",
    },
    {
      "from": "a:ses_fx7b00000000000child02",
      "id": "e:sequence:a:ses_fx7b00000000000child02→t:msg_fx00000025",
      "kind": "sequence",
      "to": "t:msg_fx00000025",
    },
    {
      "from": "t:msg_fx00000025",
      "id": "e:sequence:t:msg_fx00000025→g:prt_fx00000081",
      "kind": "sequence",
      "to": "g:prt_fx00000081",
    },
    {
      "from": "a:ses_fx7b00000000000child02",
      "id": "e:return:a:ses_fx7b00000000000child02→t:msg_fx00000021",
      "kind": "return",
      "label": "redirect.ts is sound.",
      "to": "t:msg_fx00000021",
    },
  ],
  "groups": [
    {
      "id": "lane:a:ses_fx7a00000000000child01",
      "label": "Explore project structure",
    },
    {
      "id": "lane:a:ses_fx7b00000000000child02",
      "label": "Check the redirect helper (@explore subagent)",
    },
  ],
  "irVersion": 1,
  "meta": {
    "adapter": "opencode",
    "coverage": {
      "records": 23,
      "sourcesUnread": 1,
      "unrecognized": 0,
    },
    "endedAt": "2026-08-01T12:01:11.900Z",
    "ext": {
      "opencode": {
        "agent": "build",
        "cost": 0.0042,
        "directory": "/home/dev/acme",
        "missingChildSessions": [
          "ses_fx7c00000000000missing",
        ],
        "model": "opencode/nemotron-3.5-lightning-free",
        "orphanLanes": 1,
        "version": "1.18.19",
      },
    },
    "kind": "session",
    "runId": "opencode:ses_fx7000000000000000task",
    "startedAt": "2026-08-01T12:00:56.750Z",
    "title": "Map the auth module",
    "totals": {
      "agents": 2,
      "tokens": 18270,
      "toolCalls": 2,
    },
    "unrecognizedLineCount": 0,
  },
  "nodes": [
    {
      "durationMs": 2800,
      "endedAt": "2026-08-01T12:00:59.590Z",
      "hasDetail": true,
      "id": "t:msg_fx00000021",
      "kind": "turn",
      "label": "Map the auth module, then fix the session bug",
      "startedAt": "2026-08-01T12:00:56.790Z",
      "status": "completed",
      "tokens": {
        "input": 10000,
        "output": 90,
      },
    },
    {
      "agentId": "ses_fx7a00000000000child01",
      "durationMs": 200,
      "endedAt": "2026-08-01T12:00:59.350Z",
      "files": [
        "/home/dev/acme/src/auth/token.js",
      ],
      "group": "lane:a:ses_fx7a00000000000child01",
      "hasDetail": true,
      "id": "a:ses_fx7a00000000000child01",
      "kind": "agent",
      "label": "Explore project structure",
      "model": "opencode/nemotron-3.5-lightning-free",
      "startedAt": "2026-08-01T12:00:59.150Z",
      "status": "completed",
      "tokens": {
        "input": 5000,
        "output": 120,
      },
    },
    {
      "durationMs": 2800,
      "endedAt": "2026-08-01T12:01:06.310Z",
      "group": "lane:a:ses_fx7a00000000000child01",
      "hasDetail": true,
      "id": "t:msg_fx00000023",
      "kind": "turn",
      "label": "Map src/auth and report each file.",
      "startedAt": "2026-08-01T12:01:03.510Z",
      "status": "completed",
      "tokens": {
        "input": 5000,
        "output": 120,
      },
    },
    {
      "callCount": 1,
      "errorCount": 0,
      "files": [
        "/home/dev/acme/src/auth/token.js",
      ],
      "group": "lane:a:ses_fx7a00000000000child01",
      "hasDetail": true,
      "id": "g:prt_fx00000076",
      "kind": "tool",
      "label": "read · token.js",
      "startedAt": "2026-08-01T12:01:05.840Z",
      "status": "completed",
    },
    {
      "agentId": "ses_fx7b00000000000child02",
      "files": [
        "/home/dev/acme/src/auth/redirect.ts",
      ],
      "group": "lane:a:ses_fx7b00000000000child02",
      "hasDetail": true,
      "id": "a:ses_fx7b00000000000child02",
      "kind": "agent",
      "label": "Check the redirect helper (@explore subagent)",
      "model": "opencode/nemotron-3.5-lightning-free",
      "startedAt": "2026-08-01T12:01:09.891Z",
      "status": "completed",
      "tokens": {
        "input": 3000,
        "output": 60,
      },
    },
    {
      "durationMs": 2800,
      "endedAt": "2026-08-01T12:01:12.700Z",
      "group": "lane:a:ses_fx7b00000000000child02",
      "hasDetail": true,
      "id": "t:msg_fx00000025",
      "kind": "turn",
      "label": "Check the redirect helper.",
      "startedAt": "2026-08-01T12:01:09.900Z",
      "status": "completed",
      "tokens": {
        "input": 3000,
        "output": 60,
      },
    },
    {
      "callCount": 1,
      "errorCount": 0,
      "files": [
        "/home/dev/acme/src/auth/redirect.ts",
      ],
      "group": "lane:a:ses_fx7b00000000000child02",
      "hasDetail": true,
      "id": "g:prt_fx00000081",
      "kind": "tool",
      "label": "read · redirect.ts",
      "startedAt": "2026-08-01T12:01:12.230Z",
      "status": "completed",
    },
  ],
}
`;

exports[`opencode parse > trouble-run IR matches the snapshot 1`] = `
{
  "edges": [
    {
      "from": "t:msg_fx00000012",
      "id": "e:sequence:t:msg_fx00000012→g:prt_fx00000046",
      "kind": "sequence",
      "to": "g:prt_fx00000046",
    },
    {
      "from": "g:prt_fx00000046",
      "id": "e:sequence:g:prt_fx00000046→h:prt_fx00000049",
      "kind": "sequence",
      "reason": "after edit error",
      "to": "h:prt_fx00000049",
    },
    {
      "from": "h:prt_fx00000049",
      "id": "e:sequence:h:prt_fx00000049→g:prt_fx00000050",
      "kind": "sequence",
      "reason": "answer: GitHub Actions",
      "to": "g:prt_fx00000050",
    },
    {
      "from": "g:prt_fx00000050",
      "id": "e:sequence:g:prt_fx00000050→g:prt_fx00000051",
      "kind": "sequence",
      "to": "g:prt_fx00000051",
    },
    {
      "from": "g:prt_fx00000051",
      "id": "e:sequence:g:prt_fx00000051→h:prt_fx00000051",
      "kind": "sequence",
      "to": "h:prt_fx00000051",
    },
    {
      "from": "h:prt_fx00000051",
      "id": "e:sequence:h:prt_fx00000051→t:msg_fx00000014",
      "kind": "sequence",
      "reason": "after permission denial",
      "to": "t:msg_fx00000014",
    },
    {
      "from": "t:msg_fx00000014",
      "id": "e:sequence:t:msg_fx00000014→g:prt_fx00000055",
      "kind": "sequence",
      "to": "g:prt_fx00000055",
    },
    {
      "from": "g:prt_fx00000055",
      "id": "e:sequence:g:prt_fx00000055→h:msg_fx00000016:interrupt",
      "kind": "sequence",
      "to": "h:msg_fx00000016:interrupt",
    },
    {
      "from": "h:msg_fx00000016:interrupt",
      "id": "e:sequence:h:msg_fx00000016:interrupt→t:msg_fx00000017",
      "kind": "sequence",
      "reason": "after the user interrupted",
      "to": "t:msg_fx00000017",
    },
    {
      "from": "t:msg_fx00000017",
      "id": "e:sequence:t:msg_fx00000017→g:prt_fx00000060",
      "kind": "sequence",
      "to": "g:prt_fx00000060",
    },
    {
      "from": "g:prt_fx00000060",
      "id": "e:sequence:g:prt_fx00000060→t:msg_fx00000019",
      "kind": "sequence",
      "to": "t:msg_fx00000019",
    },
    {
      "from": "t:msg_fx00000019",
      "id": "e:sequence:t:msg_fx00000019→g:prt_fx00000064",
      "kind": "sequence",
      "to": "g:prt_fx00000064",
    },
  ],
  "groups": [],
  "irVersion": 1,
  "meta": {
    "adapter": "opencode",
    "coverage": {
      "records": 33,
      "sourcesUnread": 0,
      "unrecognized": 0,
    },
    "endedAt": "2026-08-01T12:00:52.400Z",
    "ext": {
      "opencode": {
        "agent": "build",
        "billed": {
          "cacheRead": 164200,
          "cacheWrite": 0,
          "input": 84800,
          "output": 350,
        },
        "cost": 0.0042,
        "directory": "/home/dev/acme",
        "model": "opencode/nemotron-3.5-lightning-free",
        "version": "1.18.19",
      },
    },
    "kind": "session",
    "runId": "opencode:ses_fx8000000000000trouble",
    "startedAt": "2026-08-01T12:00:33.727Z",
    "title": "Wire the deploy script into CI",
    "totals": {
      "agents": 0,
      "tokens": 247350,
      "toolCalls": 8,
    },
    "unrecognizedLineCount": 0,
  },
  "nodes": [
    {
      "durationMs": 2800,
      "endedAt": "2026-08-01T12:00:36.560Z",
      "hasDetail": true,
      "id": "t:msg_fx00000012",
      "kind": "turn",
      "label": "Wire the deploy script into CI",
      "startedAt": "2026-08-01T12:00:33.760Z",
      "status": "completed",
      "tokens": {
        "input": 20000,
        "output": 80,
      },
    },
    {
      "callCount": 3,
      "errorCount": 3,
      "files": [
        "/home/dev/acme/ci/deploy.sh",
      ],
      "hasDetail": true,
      "id": "g:prt_fx00000046",
      "kind": "tool",
      "label": "edit · deploy.sh ×3",
      "startedAt": "2026-08-01T12:00:36.120Z",
      "status": "error",
    },
    {
      "hasDetail": true,
      "id": "h:prt_fx00000049",
      "interventionKind": "answer",
      "kind": "human",
      "label": "answered: GitHub Actions",
      "startedAt": "2026-08-01T12:00:37.020Z",
      "status": "completed",
    },
    {
      "callCount": 1,
      "errorCount": 0,
      "files": [
        "/home/dev/acme/.ci/config.yml",
      ],
      "hasDetail": true,
      "id": "g:prt_fx00000050",
      "kind": "tool",
      "label": "read · config.yml",
      "startedAt": "2026-08-01T12:00:37.320Z",
      "status": "completed",
    },
    {
      "callCount": 1,
      "errorCount": 1,
      "hasDetail": true,
      "id": "g:prt_fx00000051",
      "kind": "tool",
      "label": "glob · **/*.pem",
      "startedAt": "2026-08-01T12:00:37.620Z",
      "status": "error",
    },
    {
      "hasDetail": true,
      "id": "h:prt_fx00000051",
      "interventionKind": "denial",
      "kind": "human",
      "label": "denied glob",
      "startedAt": "2026-08-01T12:00:37.620Z",
      "status": "completed",
    },
    {
      "durationMs": 5160,
      "endedAt": "2026-08-01T12:00:44.810Z",
      "hasDetail": true,
      "id": "t:msg_fx00000014",
      "kind": "turn",
      "label": "Ship it",
      "startedAt": "2026-08-01T12:00:39.650Z",
      "status": "completed",
      "tokens": {
        "input": 200000,
        "output": 200,
      },
    },
    {
      "callCount": 1,
      "errorCount": 0,
      "hasDetail": true,
      "id": "g:prt_fx00000055",
      "kind": "tool",
      "label": "websearch · github actions oidc deploy",
      "startedAt": "2026-08-01T12:00:41.980Z",
      "status": "completed",
    },
    {
      "hasDetail": true,
      "id": "h:msg_fx00000016:interrupt",
      "interventionKind": "interrupt",
      "kind": "human",
      "label": "interrupted the run",
      "startedAt": "2026-08-01T12:00:44.010Z",
      "status": "completed",
    },
    {
      "durationMs": 2800,
      "endedAt": "2026-08-01T12:00:48.840Z",
      "hasDetail": true,
      "id": "t:msg_fx00000017",
      "kind": "turn",
      "label": "Never mind the search, just check the file",
      "startedAt": "2026-08-01T12:00:46.040Z",
      "status": "completed",
      "tokens": {
        "input": 15000,
        "output": 40,
      },
    },
    {
      "callCount": 1,
      "errorCount": 0,
      "files": [
        "/home/dev/acme/ci/deploy.sh",
      ],
      "hasDetail": true,
      "id": "g:prt_fx00000060",
      "kind": "tool",
      "label": "read · deploy.sh",
      "startedAt": "2026-08-01T12:00:48.370Z",
      "status": "completed",
    },
    {
      "durationMs": 2800,
      "endedAt": "2026-08-01T12:00:53.200Z",
      "hasDetail": true,
      "id": "t:msg_fx00000019",
      "kind": "turn",
      "label": "Run the deploy dry-run",
      "startedAt": "2026-08-01T12:00:50.400Z",
      "status": "completed",
      "tokens": {
        "input": 12000,
        "output": 30,
      },
    },
    {
      "callCount": 1,
      "errorCount": 1,
      "hasDetail": true,
      "id": "g:prt_fx00000064",
      "kind": "tool",
      "label": "bash · Deploy dry-run",
      "startedAt": "2026-08-01T12:00:52.730Z",
      "status": "error",
    },
  ],
}
`;
